== kraken_ETH/USD pytest_ETH1__USD 1m 500 ==
Now Local Time: 2021-09-10 21:46:42.232140+00:00
Last OHLCV Time: 2021-09-10 21:46:00+00:00

== kraken_ETH/USD pytest_ETH1__USD 1h 500 ==
Now Local Time: 2021-09-10 21:46:45.315840+00:00
Last OHLCV Time: 2021-09-10 21:00:00+00:00

== kraken_ETH/USD pytest_ETH1__USD 1d 500 ==
Now Local Time: 2021-09-10 21:46:48.527779+00:00
Last OHLCV Time: 2021-09-10 00:00:00+00:00

== binanceus_XLM/USD pytest_XL2__USD 1m 500 ==
Now Local Time: 2021-09-10 21:46:52.635398+00:00
Last OHLCV Time: 2021-09-10 21:46:00+00:00

== binanceus_XLM/USD pytest_XL2__USD 1h 500 ==
Now Local Time: 2021-09-10 21:46:53.014548+00:00
Last OHLCV Time: 2021-09-10 21:00:00+00:00

== binanceus_XLM/USD pytest_XL2__USD 1d 500 ==
Now Local Time: 2021-09-10 21:46:53.507846+00:00
Last OHLCV Time: 2021-09-10 00:00:00+00:00

